// Jest Snapshot v1, https://goo.gl/fbAQLP

exports[`Calculator snapshot testing 1`] = `
<div
  className="calciPage"
>
  <p
    className="calciPara"
  >
    Lets Do Some Math!!
  </p>
  <div
    className="calculator-container"
  >
    <table
      className="calculator"
    >
      <tr
        className="answer-row"
      >
        <td
          colSpan="4"
        />
      </tr>
      <tr>
        <td
          onClick={[Function]}
        >
          AC
        </td>
        <td
          onClick={[Function]}
        >
          +/-
        </td>
        <td
          onClick={[Function]}
        >
          %
        </td>
        <td
          className="operator-column"
          onClick={[Function]}
        >
          รท
        </td>
      </tr>
      <tr>
        <td
          onClick={[Function]}
        >
          7
        </td>
        <td
          onClick={[Function]}
        >
          8
        </td>
        <td
          onClick={[Function]}
        >
          9
        </td>
        <td
          className="operator-column"
          onClick={[Function]}
        >
          x
        </td>
      </tr>
      <tr>
        <td
          onClick={[Function]}
        >
          4
        </td>
        <td
          onClick={[Function]}
        >
          5
        </td>
        <td
          onClick={[Function]}
        >
          6
        </td>
        <td
          className="operator-column"
          onClick={[Function]}
        >
          -
        </td>
      </tr>
      <tr>
        <td
          onClick={[Function]}
        >
          1
        </td>
        <td
          onClick={[Function]}
        >
          2
        </td>
        <td
          onClick={[Function]}
        >
          3
        </td>
        <td
          className="operator-column"
          onClick={[Function]}
        >
          +
        </td>
      </tr>
      <tr>
        <td
          colSpan={2}
          onClick={[Function]}
        >
          0
        </td>
        <td
          onClick={[Function]}
        >
          .
        </td>
        <td
          className="operator-column"
          onClick={[Function]}
        >
          =
        </td>
      </tr>
    </table>
  </div>
</div>
`;
