// Jest Snapshot v1, https://goo.gl/fbAQLP

exports[`Navbar snapshot testing 1`] = `
<div
  className="navbar"
>
  <h2>
    Math Magician
  </h2>
  <ul
    className="navLinks"
  >
    <li>
      <a
        href="/"
        onClick={[Function]}
      >
        Home
      </a>
    </li>
    <li>
      <a
        href="/Calculator"
        onClick={[Function]}
      >
        Calculator
      </a>
    </li>
    <li>
      <a
        href="/Quotes"
        onClick={[Function]}
      >
        Quotes
      </a>
    </li>
  </ul>
</div>
`;
